Archive member included to satisfy reference by file (symbol)

libs/FreeRTOS-Kernel/libfreertos_kernel.a(tasks.c.o)
                              CMakeFiles/nox_freertos.elf.dir/app/main.c.o (xTaskCreate)
libs/FreeRTOS-Kernel/libfreertos_kernel.a(timers.c.o)
                              libs/FreeRTOS-Kernel/libfreertos_kernel.a(tasks.c.o) (xTimerCreateTimerTask)
libs/FreeRTOS-Kernel/libfreertos_kernel.a(heap_4.c.o)
                              libs/FreeRTOS-Kernel/libfreertos_kernel.a(tasks.c.o) (pvPortMalloc)
libs/FreeRTOS-Kernel/libfreertos_kernel.a(list.c.o)
                              libs/FreeRTOS-Kernel/libfreertos_kernel.a(tasks.c.o) (vListInitialise)
libs/FreeRTOS-Kernel/libfreertos_kernel.a(queue.c.o)
                              libs/FreeRTOS-Kernel/libfreertos_kernel.a(timers.c.o) (xQueueGenericCreate)
/opt/riscv/lib/gcc/riscv32-unknown-elf/12.1.0/../../../../riscv32-unknown-elf/lib/libc.a(lib_a-memcpy.o)
                              libs/FreeRTOS-Kernel/libfreertos_kernel.a(queue.c.o) (memcpy)
/opt/riscv/lib/gcc/riscv32-unknown-elf/12.1.0/../../../../riscv32-unknown-elf/lib/libc.a(lib_a-memset.o)
                              libs/FreeRTOS-Kernel/libfreertos_kernel.a(tasks.c.o) (memset)
/opt/riscv/lib/gcc/riscv32-unknown-elf/12.1.0/../../../../riscv32-unknown-elf/lib/libc.a(lib_a-strlen.o)
                              libs/FreeRTOS-Kernel/libfreertos_kernel.a(tasks.c.o) (strlen)
/opt/riscv/lib/gcc/riscv32-unknown-elf/12.1.0/libgcc.a(_clzsi2.o)
                              libs/FreeRTOS-Kernel/libfreertos_kernel.a(tasks.c.o) (__clzsi2)
/opt/riscv/lib/gcc/riscv32-unknown-elf/12.1.0/libgcc.a(muldi3.o)
                              libs/FreeRTOS-Kernel/libfreertos_kernel.a(heap_4.c.o) (__mulsi3)
/opt/riscv/lib/gcc/riscv32-unknown-elf/12.1.0/libgcc.a(div.o)
                              CMakeFiles/nox_freertos.elf.dir/libs/uart/uart.c.o (__udivsi3)
/opt/riscv/lib/gcc/riscv32-unknown-elf/12.1.0/libgcc.a(_clz.o)
                              /opt/riscv/lib/gcc/riscv32-unknown-elf/12.1.0/libgcc.a(_clzsi2.o) (__clz_tab)
libs/FreeRTOS-Kernel/portable/libfreertos_kernel_port.a(port.c.o)
                              libs/FreeRTOS-Kernel/libfreertos_kernel.a(tasks.c.o) (xPortStartScheduler)
libs/FreeRTOS-Kernel/portable/libfreertos_kernel_port.a(portASM.S.o)
                              libs/FreeRTOS-Kernel/portable/libfreertos_kernel_port.a(port.c.o) (xPortStartFirstTask)

Discarded input sections

 .text          0x0000000000000000        0x0 CMakeFiles/nox_freertos.elf.dir/app/main.c.o
 .data          0x0000000000000000        0x0 CMakeFiles/nox_freertos.elf.dir/app/main.c.o
 .bss           0x0000000000000000        0x0 CMakeFiles/nox_freertos.elf.dir/app/main.c.o
 .text          0x0000000000000000        0x0 CMakeFiles/nox_freertos.elf.dir/app/setup.c.o
 .data          0x0000000000000000        0x0 CMakeFiles/nox_freertos.elf.dir/app/setup.c.o
 .bss           0x0000000000000000        0x0 CMakeFiles/nox_freertos.elf.dir/app/setup.c.o
 .rodata.vToggleLED.str1.4
                0x0000000000000000        0x9 CMakeFiles/nox_freertos.elf.dir/app/setup.c.o
 .text.vToggleLED
                0x0000000000000000       0x5c CMakeFiles/nox_freertos.elf.dir/app/setup.c.o
 .text.vSendString
                0x0000000000000000       0x1c CMakeFiles/nox_freertos.elf.dir/app/setup.c.o
 .rodata.SystemIrqHandler.str1.4
                0x0000000000000000       0x24 CMakeFiles/nox_freertos.elf.dir/app/setup.c.o
 .text.SystemIrqHandler
                0x0000000000000000       0x28 CMakeFiles/nox_freertos.elf.dir/app/setup.c.o
 .sbss.val      0x0000000000000000        0x1 CMakeFiles/nox_freertos.elf.dir/app/setup.c.o
 .text          0x0000000000000000        0x0 CMakeFiles/nox_freertos.elf.dir/libs/uart/uart.c.o
 .data          0x0000000000000000        0x0 CMakeFiles/nox_freertos.elf.dir/libs/uart/uart.c.o
 .bss           0x0000000000000000        0x0 CMakeFiles/nox_freertos.elf.dir/libs/uart/uart.c.o
 .text.putchar  0x0000000000000000       0x30 CMakeFiles/nox_freertos.elf.dir/libs/uart/uart.c.o
 .text.uart0_char_received
                0x0000000000000000       0x20 CMakeFiles/nox_freertos.elf.dir/libs/uart/uart.c.o
 .text.uart0_char_received_get
                0x0000000000000000       0x10 CMakeFiles/nox_freertos.elf.dir/libs/uart/uart.c.o
 .srodata.uart_cfg
                0x0000000000000000        0x4 CMakeFiles/nox_freertos.elf.dir/libs/uart/uart.c.o
 .srodata.uart_rx_csr
                0x0000000000000000        0x4 CMakeFiles/nox_freertos.elf.dir/libs/uart/uart.c.o
 .srodata.uart_print
                0x0000000000000000        0x4 CMakeFiles/nox_freertos.elf.dir/libs/uart/uart.c.o
 .srodata.uart_stats
                0x0000000000000000        0x4 CMakeFiles/nox_freertos.elf.dir/libs/uart/uart.c.o
 .srodata.addr_print
                0x0000000000000000        0x4 CMakeFiles/nox_freertos.elf.dir/libs/uart/uart.c.o
 .text          0x0000000000000000        0x0 CMakeFiles/nox_freertos.elf.dir/startup/crt0.S.o
[...]
Memory Configuration

Name             Origin             Length             Attributes
iram             0x00000000a0000000 0x0000000000020000 xr
dram             0x0000000010000000 0x0000000000008000 xrw
*default*        0x0000000000000000 0xffffffffffffffff

Linker script and memory map

LOAD CMakeFiles/nox_freertos.elf.dir/app/main.c.o
LOAD CMakeFiles/nox_freertos.elf.dir/app/setup.c.o
LOAD CMakeFiles/nox_freertos.elf.dir/libs/uart/uart.c.o
LOAD CMakeFiles/nox_freertos.elf.dir/startup/crt0.S.o
LOAD libs/FreeRTOS-Kernel/libfreertos_kernel.a
LOAD /opt/riscv/lib/gcc/riscv32-unknown-elf/12.1.0/../../../../riscv32-unknown-elf/lib/libc.a
LOAD /opt/riscv/lib/gcc/riscv32-unknown-elf/12.1.0/../../../../riscv32-unknown-elf/lib/libm.a
LOAD /opt/riscv/lib/gcc/riscv32-unknown-elf/12.1.0/libgcc.a
LOAD /opt/riscv/lib/gcc/riscv32-unknown-elf/12.1.0/../../../../riscv32-unknown-elf/lib/libnosys.a
LOAD libs/FreeRTOS-Kernel/portable/libfreertos_kernel_port.a
LOAD libs/FreeRTOS-Kernel/libfreertos_kernel.a
LOAD libs/FreeRTOS-Kernel/portable/libfreertos_kernel_port.a
                0x0000000000000000                __rv32_heap_size = DEFINED (__rv32_heap_size)?__rv32_heap_size:0x0

.text           0x00000000a0000000     0x33f0
                [!provide]                        PROVIDE (__text_start = .)
                [!provide]                        PROVIDE (__textstart = .)
 *(.text.crt0)
 .text.crt0     0x00000000a0000000      0x188 CMakeFiles/nox_freertos.elf.dir/startup/crt0.S.o
                0x00000000a0000000                _start
                0x00000000a00000fc                __crt0_main_exit
 *(.text.unlikely .text.*_unlikely .text.unlikely.*)
 *(.text.exit .text.exit.*)
 *(.text.startup .text.startup.*)
 *(.text.hot .text.hot.*)
 *(SORT_BY_NAME(.text.sorted.*))
 *(.text .stub .text.* .gnu.linkonce.t.*)
 .text.print_task_4
                0x00000000a0000188       0x34 CMakeFiles/nox_freertos.elf.dir/app/main.c.o
 .text.print_task_3
                0x00000000a00001bc       0x34 CMakeFiles/nox_freertos.elf.dir/app/main.c.o
 .text.print_task_2
                0x00000000a00001f0       0x34 CMakeFiles/nox_freertos.elf.dir/app/main.c.o
 .text.print_task_1
                0x00000000a0000224       0x34 CMakeFiles/nox_freertos.elf.dir/app/main.c.o
 .text.main     0x00000000a0000258       0xb0 CMakeFiles/nox_freertos.elf.dir/app/main.c.o
                0x00000000a0000258                main
 .text.prvSetupHardware
                0x00000000a0000308       0x2c CMakeFiles/nox_freertos.elf.dir/app/setup.c.o
 .text.setup    0x00000000a0000334       0x30 CMakeFiles/nox_freertos.elf.dir/app/setup.c.o
                0x00000000a0000334                setup
 .text.freertos_risc_v_application_interrupt_handler
                0x00000000a0000364       0x44 CMakeFiles/nox_freertos.elf.dir/app/setup.c.o
                0x00000000a0000364                freertos_risc_v_application_interrupt_handler
 .text.freertos_risc_v_application_exception_handler
                0x00000000a00003a8       0x24 CMakeFiles/nox_freertos.elf.dir/app/setup.c.o
                0x00000000a00003a8                freertos_risc_v_application_exception_handler
 .text.vApplicationMallocFailedHook
                0x00000000a00003cc       0x20 CMakeFiles/nox_freertos.elf.dir/app/setup.c.o
                0x00000000a00003cc                vApplicationMallocFailedHook
 .text.vApplicationIdleHook
                0x00000000a00003ec        0x4 CMakeFiles/nox_freertos.elf.dir/app/setup.c.o
                0x00000000a00003ec                vApplicationIdleHook
 .text.vApplicationStackOverflowHook
                0x00000000a00003f0       0x20 CMakeFiles/nox_freertos.elf.dir/app/setup.c.o
                0x00000000a00003f0                vApplicationStackOverflowHook
 .text.vApplicationTickHook
                0x00000000a0000410        0x4 CMakeFiles/nox_freertos.elf.dir/app/setup.c.o
                0x00000000a0000410                vApplicationTickHook
 .text.__uart_itoa
                0x00000000a0000414      0x118 CMakeFiles/nox_freertos.elf.dir/libs/uart/uart.c.o
 .text.__uart_tohex
                0x00000000a000052c       0x48 CMakeFiles/nox_freertos.elf.dir/libs/uart/uart.c.o
 .text.__uart_touppercase
                0x00000000a0000574       0x34 CMakeFiles/nox_freertos.elf.dir/libs/uart/uart.c.o
 .text.uart0_setup
                0x00000000a00005a8       0x2c CMakeFiles/nox_freertos.elf.dir/libs/uart/uart.c.o
                0x00000000a00005a8                uart0_setup
 .text.uart0_putc
                0x00000000a00005d4       0x20 CMakeFiles/nox_freertos.elf.dir/libs/uart/uart.c.o
                0x00000000a00005d4                uart0_putc
 .text.uart0_getc
                0x00000000a00005f4       0x10 CMakeFiles/nox_freertos.elf.dir/libs/uart/uart.c.o
                0x00000000a00005f4                uart0_getc
 .text.getchar  0x00000000a0000604       0x18 CMakeFiles/nox_freertos.elf.dir/libs/uart/uart.c.o
                0x00000000a0000604                getchar
 .text.uart0_print
                0x00000000a000061c       0x54 CMakeFiles/nox_freertos.elf.dir/libs/uart/uart.c.o
                0x00000000a000061c                uart0_print
 .text.uart0_printf
                0x00000000a0000670      0x1a0 CMakeFiles/nox_freertos.elf.dir/libs/uart/uart.c.o
                0x00000000a0000670                uart0_printf
 .text.prvResetNextTaskUnblockTime
                0x00000000a0000810       0x3c libs/FreeRTOS-Kernel/libfreertos_kernel.a(tasks.c.o)
 .text.prvDeleteTCB
                0x00000000a000084c       0x30 libs/FreeRTOS-Kernel/libfreertos_kernel.a(tasks.c.o)
 .text.prvInitialiseNewTask
                0x00000000a000087c      0x120 libs/FreeRTOS-Kernel/libfreertos_kernel.a(tasks.c.o)
 .text.prvInitialiseTaskLists
                0x00000000a000099c       0xa8 libs/FreeRTOS-Kernel/libfreertos_kernel.a(tasks.c.o)
 .text.prvAddNewTaskToReadyList
                0x00000000a0000a44      0x17c libs/FreeRTOS-Kernel/libfreertos_kernel.a(tasks.c.o)
 .text.prvCheckTasksWaitingTermination
                0x00000000a0000bc0       0xb8 libs/FreeRTOS-Kernel/libfreertos_kernel.a(tasks.c.o)
 .text.prvAddCurrentTaskToDelayedList
                0x00000000a0000c78      0x148 libs/FreeRTOS-Kernel/libfreertos_kernel.a(tasks.c.o)
 .text.prvIdleTask
                0x00000000a0000dc0       0x14 libs/FreeRTOS-Kernel/libfreertos_kernel.a(tasks.c.o)
 .text.xTaskCreate
                0x00000000a0000dd4       0xe4 libs/FreeRTOS-Kernel/libfreertos_kernel.a(tasks.c.o)
                0x00000000a0000dd4                xTaskCreate
 .text.vTaskStartScheduler
                0x00000000a0000eb8       0x98 libs/FreeRTOS-Kernel/libfreertos_kernel.a(tasks.c.o)
                0x00000000a0000eb8                vTaskStartScheduler
 .text.vTaskSuspendAll
                0x00000000a0000f50       0x18 libs/FreeRTOS-Kernel/libfreertos_kernel.a(tasks.c.o)
                0x00000000a0000f50                vTaskSuspendAll
 .text.xTaskGetTickCount
                0x00000000a0000f68        0xc libs/FreeRTOS-Kernel/libfreertos_kernel.a(tasks.c.o)
                0x00000000a0000f68                xTaskGetTickCount
 .text.xTaskIncrementTick
                0x00000000a0000f74      0x28c libs/FreeRTOS-Kernel/libfreertos_kernel.a(tasks.c.o)
                0x00000000a0000f74                xTaskIncrementTick
 .text.xTaskResumeAll
                0x00000000a0001200      0x254 libs/FreeRTOS-Kernel/libfreertos_kernel.a(tasks.c.o)
                0x00000000a0001200                xTaskResumeAll
 .text.vTaskDelay
                0x00000000a0001454       0x60 libs/FreeRTOS-Kernel/libfreertos_kernel.a(tasks.c.o)
                0x00000000a0001454                vTaskDelay
 .text.vTaskSwitchContext
                0x00000000a00014b4      0x158 libs/FreeRTOS-Kernel/libfreertos_kernel.a(tasks.c.o)
                0x00000000a00014b4                vTaskSwitchContext
 .text.vTaskPlaceOnEventList
                0x00000000a000160c       0x4c libs/FreeRTOS-Kernel/libfreertos_kernel.a(tasks.c.o)
                0x00000000a000160c                vTaskPlaceOnEventList
 .text.vTaskPlaceOnEventListRestricted
                0x00000000a0001658       0x88 libs/FreeRTOS-Kernel/libfreertos_kernel.a(tasks.c.o)
                0x00000000a0001658                vTaskPlaceOnEventListRestricted
 .text.xTaskRemoveFromEventList
                0x00000000a00016e0      0x188 libs/FreeRTOS-Kernel/libfreertos_kernel.a(tasks.c.o)
                0x00000000a00016e0                xTaskRemoveFromEventList
 .text.vTaskInternalSetTimeOutState
                0x00000000a0001868       0x1c libs/FreeRTOS-Kernel/libfreertos_kernel.a(tasks.c.o)
                0x00000000a0001868                vTaskInternalSetTimeOutState
 .text.xTaskCheckForTimeOut
                0x00000000a0001884      0x114 libs/FreeRTOS-Kernel/libfreertos_kernel.a(tasks.c.o)
                0x00000000a0001884                xTaskCheckForTimeOut
 .text.vTaskMissedYield
                0x00000000a0001998       0x10 libs/FreeRTOS-Kernel/libfreertos_kernel.a(tasks.c.o)
                0x00000000a0001998                vTaskMissedYield
 .text.xTaskGetSchedulerState
                0x00000000a00019a8       0x30 libs/FreeRTOS-Kernel/libfreertos_kernel.a(tasks.c.o)
                0x00000000a00019a8                xTaskGetSchedulerState
 .text.prvGetNextExpireTime
                0x00000000a00019d8       0x38 libs/FreeRTOS-Kernel/libfreertos_kernel.a(timers.c.o)
 .text.prvInsertTimerInActiveList
                0x00000000a0001a10       0x70 libs/FreeRTOS-Kernel/libfreertos_kernel.a(timers.c.o)
 .text.prvReloadTimer
                0x00000000a0001a80       0x6c libs/FreeRTOS-Kernel/libfreertos_kernel.a(timers.c.o)
 .text.prvProcessExpiredTimer
                0x00000000a0001aec       0x80 libs/FreeRTOS-Kernel/libfreertos_kernel.a(timers.c.o)
 .text.prvSwitchTimerLists
                0x00000000a0001b6c       0x78 libs/FreeRTOS-Kernel/libfreertos_kernel.a(timers.c.o)
 .text.prvSampleTimeNow
                0x00000000a0001be4       0x5c libs/FreeRTOS-Kernel/libfreertos_kernel.a(timers.c.o)
 .text.prvProcessTimerOrBlockTask
                0x00000000a0001c40       0xb0 libs/FreeRTOS-Kernel/libfreertos_kernel.a(timers.c.o)
 .text.prvProcessReceivedCommands
                0x00000000a0001cf0      0x184 libs/FreeRTOS-Kernel/libfreertos_kernel.a(timers.c.o)
 .text.prvTimerTask
                0x00000000a0001e74       0x20 libs/FreeRTOS-Kernel/libfreertos_kernel.a(timers.c.o)
 .text.prvCheckForValidListAndQueue
                0x00000000a0001e94       0xc8 libs/FreeRTOS-Kernel/libfreertos_kernel.a(timers.c.o)
 .text.xTimerCreateTimerTask
                0x00000000a0001f5c       0x5c libs/FreeRTOS-Kernel/libfreertos_kernel.a(timers.c.o)
                0x00000000a0001f5c                xTimerCreateTimerTask
 .text.prvHeapInit
                0x00000000a0001fb8       0x88 libs/FreeRTOS-Kernel/libfreertos_kernel.a(heap_4.c.o)
 .text.prvInsertBlockIntoFreeList
                0x00000000a0002040       0x80 libs/FreeRTOS-Kernel/libfreertos_kernel.a(heap_4.c.o)
 .text.pvPortMalloc
                0x00000000a00020c0      0x198 libs/FreeRTOS-Kernel/libfreertos_kernel.a(heap_4.c.o)
                0x00000000a00020c0                pvPortMalloc
 .text.vPortFree
                0x00000000a0002258       0xb0 libs/FreeRTOS-Kernel/libfreertos_kernel.a(heap_4.c.o)
                0x00000000a0002258                vPortFree
 .text.vListInitialise
                0x00000000a0002308       0x20 libs/FreeRTOS-Kernel/libfreertos_kernel.a(list.c.o)
                0x00000000a0002308                vListInitialise
 .text.vListInitialiseItem
                0x00000000a0002328        0x8 libs/FreeRTOS-Kernel/libfreertos_kernel.a(list.c.o)
                0x00000000a0002328                vListInitialiseItem
 .text.vListInsert
                0x00000000a0002330       0x50 libs/FreeRTOS-Kernel/libfreertos_kernel.a(list.c.o)
                0x00000000a0002330                vListInsert
 .text.uxListRemove
                0x00000000a0002380       0x44 libs/FreeRTOS-Kernel/libfreertos_kernel.a(list.c.o)
                0x00000000a0002380                uxListRemove
 .text.prvIsQueueEmpty
                0x00000000a00023c4       0x40 libs/FreeRTOS-Kernel/libfreertos_kernel.a(queue.c.o)
 .text.prvCopyDataFromQueue
                0x00000000a0002404       0x4c libs/FreeRTOS-Kernel/libfreertos_kernel.a(queue.c.o)
 .text.prvUnlockQueue
                0x00000000a0002450      0x118 libs/FreeRTOS-Kernel/libfreertos_kernel.a(queue.c.o)
 .text.xQueueGenericReset
                0x00000000a0002568      0x1bc libs/FreeRTOS-Kernel/libfreertos_kernel.a(queue.c.o)
                0x00000000a0002568                xQueueGenericReset
 .text.prvInitialiseNewQueue
                0x00000000a0002724       0x3c libs/FreeRTOS-Kernel/libfreertos_kernel.a(queue.c.o)
 .text.xQueueGenericCreate
                0x00000000a0002760      0x138 libs/FreeRTOS-Kernel/libfreertos_kernel.a(queue.c.o)
                0x00000000a0002760                xQueueGenericCreate
 .text.xQueueReceive
                0x00000000a0002898      0x224 libs/FreeRTOS-Kernel/libfreertos_kernel.a(queue.c.o)
                0x00000000a0002898                xQueueReceive
 .text.vQueueAddToRegistry
                0x00000000a0002abc       0x94 libs/FreeRTOS-Kernel/libfreertos_kernel.a(queue.c.o)
                0x00000000a0002abc                vQueueAddToRegistry
 .text.vQueueWaitForMessageRestricted
                0x00000000a0002b50       0x9c libs/FreeRTOS-Kernel/libfreertos_kernel.a(queue.c.o)
                0x00000000a0002b50                vQueueWaitForMessageRestricted
 .text.memcpy   0x00000000a0002bec      0x1a4 /opt/riscv/lib/gcc/riscv32-unknown-elf/12.1.0/../../../../riscv32-unknown-elf/lib/libc.a(lib_a-memcpy.o)
                0x00000000a0002bec                memcpy
 .text          0x00000000a0002d90       0xdc /opt/riscv/lib/gcc/riscv32-unknown-elf/12.1.0/../../../../riscv32-unknown-elf/lib/libc.a(lib_a-memset.o)
                0x00000000a0002d90                memset
 .text          0x00000000a0002e6c       0x4c /opt/riscv/lib/gcc/riscv32-unknown-elf/12.1.0/libgcc.a(_clzsi2.o)
                0x00000000a0002e6c                __clzsi2
 .text          0x00000000a0002eb8       0x24 /opt/riscv/lib/gcc/riscv32-unknown-elf/12.1.0/libgcc.a(muldi3.o)
                0x00000000a0002eb8                __mulsi3
 .text          0x00000000a0002edc       0xb4 /opt/riscv/lib/gcc/riscv32-unknown-elf/12.1.0/libgcc.a(div.o)
                0x00000000a0002edc                __divsi3
                0x00000000a0002ee4                __hidden___udivsi3
                0x00000000a0002ee4                __udivsi3
                0x00000000a0002f2c                __umodsi3
                0x00000000a0002f60                __modsi3
 .text.vPortSetupTimerInterrupt
                0x00000000a0002f90       0xa0 libs/FreeRTOS-Kernel/portable/libfreertos_kernel_port.a(port.c.o)
                0x00000000a0002f90                vPortSetupTimerInterrupt
 .text.xPortStartScheduler
                0x00000000a0003030       0x40 libs/FreeRTOS-Kernel/portable/libfreertos_kernel_port.a(port.c.o)
                0x00000000a0003030                xPortStartScheduler
 .text          0x00000000a0003070      0x120 libs/FreeRTOS-Kernel/portable/libfreertos_kernel_port.a(portASM.S.o)
                0x00000000a0003070                pxPortInitialiseStack
                0x00000000a00030d0                xPortStartFirstTask
 *fill*         0x00000000a0003190       0x70 
 .text.freertos_risc_v_trap_handler
                0x00000000a0003200      0x1f0 libs/FreeRTOS-Kernel/portable/libfreertos_kernel_port.a(portASM.S.o)
                0x00000000a0003200                freertos_risc_v_trap_handler
 *(.gnu.warning)
 *(SORT_NONE(.init))
 *(SORT_NONE(.fini))
 *(SORT_BY_NAME(.ctors.*))
 *(.ctors)
 *(SORT_BY_NAME(.dtors.*))
 *(.dtors)
                0x00000000a00033f0                . = ALIGN (0x4)
                [!provide]                        PROVIDE (__etext = .)
                [!provide]                        PROVIDE (_etext = .)
                [!provide]                        PROVIDE (etext = .)

.rodata         0x00000000a00033f0      0x368
                0x00000000a00033f0                PROVIDE (__init_array_start = .)
 *(.preinit_array)
 *(SORT_BY_INIT_PRIORITY(.init_array.*) SORT_BY_INIT_PRIORITY(.ctors.*))
 *(.init_array EXCLUDE_FILE(*crtend?.o *crtend.o *crtbegin?.o *crtbegin.o) .ctors)
                0x00000000a00033f0                PROVIDE (__init_array_end = .)
                0x00000000a00033f0                PROVIDE (__fini_array_start = .)
 *(SORT_BY_INIT_PRIORITY(.fini_array.*) SORT_BY_INIT_PRIORITY(.dtors.*))
 *(.fini_array EXCLUDE_FILE(*crtend?.o *crtend.o *crtbegin?.o *crtbegin.o) .dtors)
                0x00000000a00033f0                PROVIDE (__fini_array_end = .)
 *(.rodata .rodata.* .gnu.linkonce.r.*)
 .rodata.print_task_4.str1.4
                0x00000000a00033f0       0x15 CMakeFiles/nox_freertos.elf.dir/app/main.c.o
 *fill*         0x00000000a0003405        0x3 
 .rodata.print_task_3.str1.4
                0x00000000a0003408       0x15 CMakeFiles/nox_freertos.elf.dir/app/main.c.o
 *fill*         0x00000000a000341d        0x3 
 .rodata.print_task_2.str1.4
                0x00000000a0003420       0x15 CMakeFiles/nox_freertos.elf.dir/app/main.c.o
 *fill*         0x00000000a0003435        0x3 
 .rodata.print_task_1.str1.4
                0x00000000a0003438       0x15 CMakeFiles/nox_freertos.elf.dir/app/main.c.o
 *fill*         0x00000000a000344d        0x3 
 .rodata.main.str1.4
                0x00000000a0003450        0xf CMakeFiles/nox_freertos.elf.dir/app/main.c.o
 *fill*         0x00000000a000345f        0x1 
 .rodata.setup.str1.4
                0x00000000a0003460       0x2b CMakeFiles/nox_freertos.elf.dir/app/setup.c.o
 *fill*         0x00000000a000348b        0x1 
 .rodata.freertos_risc_v_application_interrupt_handler.str1.4
                0x00000000a000348c       0x25 CMakeFiles/nox_freertos.elf.dir/app/setup.c.o
 *fill*         0x00000000a00034b1        0x3 
 .rodata.freertos_risc_v_application_exception_handler.str1.4
                0x00000000a00034b4       0x1d CMakeFiles/nox_freertos.elf.dir/app/setup.c.o
 *fill*         0x00000000a00034d1        0x3 
 .rodata.vApplicationMallocFailedHook.str1.4
                0x00000000a00034d4       0x6f CMakeFiles/nox_freertos.elf.dir/app/setup.c.o
 *fill*         0x00000000a0003543        0x1 
 .rodata.vApplicationStackOverflowHook.str1.4
                0x00000000a0003544       0x2f CMakeFiles/nox_freertos.elf.dir/app/setup.c.o
 *fill*         0x00000000a0003573        0x1 
 .rodata.uart0_printf
                0x00000000a0003574       0x84 CMakeFiles/nox_freertos.elf.dir/libs/uart/uart.c.o
 .rodata.symbols.0
                0x00000000a00035f8       0x11 CMakeFiles/nox_freertos.elf.dir/libs/uart/uart.c.o
 *fill*         0x00000000a0003609        0x3 
 .rodata.numbers.1
                0x00000000a000360c        0xb CMakeFiles/nox_freertos.elf.dir/libs/uart/uart.c.o
 *fill*         0x00000000a0003617        0x1 
 .rodata.vTaskStartScheduler.str1.4
                0x00000000a0003618        0x5 libs/FreeRTOS-Kernel/libfreertos_kernel.a(tasks.c.o)
 *fill*         0x00000000a000361d        0x3 
 .rodata.prvProcessReceivedCommands
                0x00000000a0003620       0x28 libs/FreeRTOS-Kernel/libfreertos_kernel.a(timers.c.o)
 .rodata.prvCheckForValidListAndQueue.str1.4
                0x00000000a0003648        0x5 libs/FreeRTOS-Kernel/libfreertos_kernel.a(timers.c.o)
 *fill*         0x00000000a000364d        0x3 
 .rodata.xTimerCreateTimerTask.str1.4
                0x00000000a0003650        0x8 libs/FreeRTOS-Kernel/libfreertos_kernel.a(timers.c.o)
 .rodata        0x00000000a0003658      0x100 /opt/riscv/lib/gcc/riscv32-unknown-elf/12.1.0/libgcc.a(_clz.o)
                0x00000000a0003658                __clz_tab
 *(.rodata1)
                0x00000000a0003758                . = ALIGN (0x4)
                0x00000000a0003758                __RODATA_END__ = .

.data           0x0000000010000000       0x18 load address 0x00000000a0003758
                0x0000000010000000                __DATA_BEGIN__ = .
                0x0000000010000000                __SDATA_BEGIN__ = .
 *(.sdata2 .sdata2.* .gnu.linkonce.s2.*)
 *(.data1)
 *(.data .data.* .gnu.linkonce.d.*)
 *(.data.rel.ro.local* .gnu.linkonce.d.rel.ro.local.*)
 *(.data.rel.ro .data.rel.ro.* .gnu.linkonce.d.rel.ro.*)
 *(.dynamic)
 *(.srodata.cst16)
 *(.srodata.cst8)
 *(.srodata.cst4)
 *(.srodata.cst2)
 *(.srodata .srodata.*)
 .srodata.uxTimerIncrementsForOneTick
                0x0000000010000000        0x4 libs/FreeRTOS-Kernel/portable/libfreertos_kernel_port.a(port.c.o)
                0x0000000010000000                uxTimerIncrementsForOneTick
 .srodata.xISRStackTop
                0x0000000010000004        0x4 libs/FreeRTOS-Kernel/portable/libfreertos_kernel_port.a(port.c.o)
                0x0000000010000004                xISRStackTop
 *(.sdata .sdata.* .gnu.linkonce.s.*)
 .sdata.uxTopUsedPriority
                0x0000000010000008        0x4 libs/FreeRTOS-Kernel/libfreertos_kernel.a(tasks.c.o)
                0x0000000010000008                uxTopUsedPriority
 .sdata.pxCriticalNesting
                0x000000001000000c        0x4 libs/FreeRTOS-Kernel/portable/libfreertos_kernel_port.a(port.c.o)
                0x000000001000000c                pxCriticalNesting
 .sdata.xCriticalNesting
                0x0000000010000010        0x4 libs/FreeRTOS-Kernel/portable/libfreertos_kernel_port.a(port.c.o)
                0x0000000010000010                xCriticalNesting
 .sdata.pullNextTime
                0x0000000010000014        0x4 libs/FreeRTOS-Kernel/portable/libfreertos_kernel_port.a(port.c.o)
                0x0000000010000014                pullNextTime
                [!provide]                        PROVIDE (__tdata_start = .)
 *(.tdata .tdata.* .gnu.linkonce.td.*)
                0x0000000010000018                . = ALIGN (0x4)
                0x0000000010000018                _edata = .
                [!provide]                        PROVIDE (edata = .)
                0x0000000010000018                __DATA_END__ = .
                0x0000000010000818                __global_pointer$ = (__DATA_END__ + 0x800)

.bss            0x0000000010000020     0x1fb0 load address 0x00000000a0003770
                0x0000000010000020                __BSS_START__ = .
 *(.dynsbss)
 *(.sbss .sbss.* .gnu.linkonce.sb.*)
 .sbss.uxSchedulerSuspended
                0x0000000010000020        0x4 libs/FreeRTOS-Kernel/libfreertos_kernel.a(tasks.c.o)
 .sbss.xIdleTaskHandle
                0x0000000010000024        0x4 libs/FreeRTOS-Kernel/libfreertos_kernel.a(tasks.c.o)
 .sbss.xNextTaskUnblockTime
                0x0000000010000028        0x4 libs/FreeRTOS-Kernel/libfreertos_kernel.a(tasks.c.o)
 .sbss.uxTaskNumber
                0x000000001000002c        0x4 libs/FreeRTOS-Kernel/libfreertos_kernel.a(tasks.c.o)
 .sbss.xNumOfOverflows
                0x0000000010000030        0x4 libs/FreeRTOS-Kernel/libfreertos_kernel.a(tasks.c.o)
 .sbss.xYieldPending
                0x0000000010000034        0x4 libs/FreeRTOS-Kernel/libfreertos_kernel.a(tasks.c.o)
 .sbss.xPendedTicks
                0x0000000010000038        0x4 libs/FreeRTOS-Kernel/libfreertos_kernel.a(tasks.c.o)
 .sbss.xSchedulerRunning
                0x000000001000003c        0x4 libs/FreeRTOS-Kernel/libfreertos_kernel.a(tasks.c.o)
 .sbss.uxTopReadyPriority
                0x0000000010000040        0x4 libs/FreeRTOS-Kernel/libfreertos_kernel.a(tasks.c.o)
 .sbss.xTickCount
                0x0000000010000044        0x4 libs/FreeRTOS-Kernel/libfreertos_kernel.a(tasks.c.o)
 .sbss.uxCurrentNumberOfTasks
                0x0000000010000048        0x4 libs/FreeRTOS-Kernel/libfreertos_kernel.a(tasks.c.o)
 .sbss.uxDeletedTasksWaitingCleanUp
                0x000000001000004c        0x4 libs/FreeRTOS-Kernel/libfreertos_kernel.a(tasks.c.o)
 .sbss.pxOverflowDelayedTaskList
                0x0000000010000050        0x4 libs/FreeRTOS-Kernel/libfreertos_kernel.a(tasks.c.o)
 .sbss.pxDelayedTaskList
                0x0000000010000054        0x4 libs/FreeRTOS-Kernel/libfreertos_kernel.a(tasks.c.o)
 .sbss.pxCurrentTCB
                0x0000000010000058        0x4 libs/FreeRTOS-Kernel/libfreertos_kernel.a(tasks.c.o)
                0x0000000010000058                pxCurrentTCB
 .sbss.xLastTime.0
                0x000000001000005c        0x4 libs/FreeRTOS-Kernel/libfreertos_kernel.a(timers.c.o)
 .sbss.xTimerTaskHandle
                0x0000000010000060        0x4 libs/FreeRTOS-Kernel/libfreertos_kernel.a(timers.c.o)
 .sbss.xTimerQueue
                0x0000000010000064        0x4 libs/FreeRTOS-Kernel/libfreertos_kernel.a(timers.c.o)
 .sbss.pxOverflowTimerList
                0x0000000010000068        0x4 libs/FreeRTOS-Kernel/libfreertos_kernel.a(timers.c.o)
 .sbss.pxCurrentTimerList
                0x000000001000006c        0x4 libs/FreeRTOS-Kernel/libfreertos_kernel.a(timers.c.o)
 .sbss.xNumberOfSuccessfulFrees
                0x0000000010000070        0x4 libs/FreeRTOS-Kernel/libfreertos_kernel.a(heap_4.c.o)
 .sbss.xNumberOfSuccessfulAllocations
                0x0000000010000074        0x4 libs/FreeRTOS-Kernel/libfreertos_kernel.a(heap_4.c.o)
 .sbss.xMinimumEverFreeBytesRemaining
                0x0000000010000078        0x4 libs/FreeRTOS-Kernel/libfreertos_kernel.a(heap_4.c.o)
 .sbss.xFreeBytesRemaining
                0x000000001000007c        0x4 libs/FreeRTOS-Kernel/libfreertos_kernel.a(heap_4.c.o)
 .sbss.pxEnd    0x0000000010000080        0x4 libs/FreeRTOS-Kernel/libfreertos_kernel.a(heap_4.c.o)
 .sbss.xStart   0x0000000010000084        0x8 libs/FreeRTOS-Kernel/libfreertos_kernel.a(heap_4.c.o)
 .sbss.xTaskReturnAddress
                0x000000001000008c        0x4 libs/FreeRTOS-Kernel/portable/libfreertos_kernel_port.a(port.c.o)
                0x000000001000008c                xTaskReturnAddress
 .sbss.pullMachineTimerCompareRegister
                0x0000000010000090        0x4 libs/FreeRTOS-Kernel/portable/libfreertos_kernel_port.a(port.c.o)
                0x0000000010000090                pullMachineTimerCompareRegister
 *fill*         0x0000000010000094        0x4 
 .sbss.ullNextTime
                0x0000000010000098        0x8 libs/FreeRTOS-Kernel/portable/libfreertos_kernel_port.a(port.c.o)
                0x0000000010000098                ullNextTime
 *(.sbss2 .sbss2.* .gnu.linkonce.sb2.*)
 *(.tbss .tbss.* .gnu.linkonce.tb.*)
 *(.tcommon)
 *(.scommon)
 *(.dynbss)
 *(.bss .bss.* .gnu.linkonce.b.*)
 .bss.xSuspendedTaskList
                0x00000000100000a0       0x14 libs/FreeRTOS-Kernel/libfreertos_kernel.a(tasks.c.o)
 .bss.xTasksWaitingTermination
                0x00000000100000b4       0x14 libs/FreeRTOS-Kernel/libfreertos_kernel.a(tasks.c.o)
 .bss.xPendingReadyList
                0x00000000100000c8       0x14 libs/FreeRTOS-Kernel/libfreertos_kernel.a(tasks.c.o)
 .bss.xDelayedTaskList2
                0x00000000100000dc       0x14 libs/FreeRTOS-Kernel/libfreertos_kernel.a(tasks.c.o)
 .bss.xDelayedTaskList1
                0x00000000100000f0       0x14 libs/FreeRTOS-Kernel/libfreertos_kernel.a(tasks.c.o)
 .bss.pxReadyTasksLists
                0x0000000010000104       0x64 libs/FreeRTOS-Kernel/libfreertos_kernel.a(tasks.c.o)
 .bss.xActiveTimerList2
                0x0000000010000168       0x14 libs/FreeRTOS-Kernel/libfreertos_kernel.a(timers.c.o)
 .bss.xActiveTimerList1
                0x000000001000017c       0x14 libs/FreeRTOS-Kernel/libfreertos_kernel.a(timers.c.o)
 .bss.ucHeap    0x0000000010000190     0x1c00 libs/FreeRTOS-Kernel/libfreertos_kernel.a(heap_4.c.o)
 .bss.xQueueRegistry
                0x0000000010001d90       0x40 libs/FreeRTOS-Kernel/libfreertos_kernel.a(queue.c.o)
                0x0000000010001d90                xQueueRegistry
 .bss.xISRStack
                0x0000000010001dd0      0x200 libs/FreeRTOS-Kernel/portable/libfreertos_kernel_port.a(port.c.o)
                [!provide]                        PROVIDE (__preinit_array_start = .)
 *(.preinit_array)
                [!provide]                        PROVIDE (__preinit_array_end = .)
 *(COMMON)
                0x0000000010001fd0                . = ALIGN ((. != 0x0)?0x4:0x1)
                0x0000000010001fd0                . = ALIGN (0x4)
                0x0000000010001fd0                __BSS_END__ = .
                0x0000000010001fd0                _end = .
                [!provide]                        PROVIDE (end = .)

.heap           0x0000000010001fd0        0x0 load address 0x00000000a0003770
                [!provide]                        PROVIDE (__heap_start = .)
                0x0000000000000000                . = __rv32_heap_size
                0x0000000000000000                . = ALIGN (0x4)
                [!provide]                        PROVIDE (__heap_end = .)

.jcr
 *(.jcr)

.got
 *(.got.plt)
 *(.igot.plt)
 *(.got)
 *(.igot)

.interp
 *(.interp)

.note.gnu.build-id
 *(.note.gnu.build-id)

.hash
 *(.hash)

.gnu.hash
 *(.gnu.hash)

.dynsym
 *(.dynsym)

.dynstr
 *(.dynstr)

.gnu.version
 *(.gnu.version)

.gnu.version_d
 *(.gnu.version_d)

.gnu.version_r
 *(.gnu.version_r)

.rela.init
 *(.rela.init)

.rela.text      0x00000000a0003770        0x0
 *(.rela.text .rela.text.* .rela.gnu.linkonce.t.*)
 .rela.text.crt0
                0x00000000a0003770        0x0 CMakeFiles/nox_freertos.elf.dir/app/main.c.o

.rela.fini
 *(.rela.fini)

.rela.rodata
 *(.rela.rodata .rela.rodata.* .rela.gnu.linkonce.r.*)

.rela.data.rel.ro
 *(.rela.data.rel.ro .rela.data.rel.ro.* .rela.gnu.linkonce.d.rel.ro.*)

.rela.data
 *(.rela.data .rela.data.* .rela.gnu.linkonce.d.*)

.rela.tdata
 *(.rela.tdata .rela.tdata.* .rela.gnu.linkonce.td.*)

.rela.tbss
 *(.rela.tbss .rela.tbss.* .rela.gnu.linkonce.tb.*)

.rela.ctors
 *(.rela.ctors)

.rela.dtors
 *(.rela.dtors)

.rela.got
 *(.rela.got)

.rela.sdata
 *(.rela.sdata .rela.sdata.* .rela.gnu.linkonce.s.*)

.rela.sbss
 *(.rela.sbss .rela.sbss.* .rela.gnu.linkonce.sb.*)

.rela.sdata2
 *(.rela.sdata2 .rela.sdata2.* .rela.gnu.linkonce.s2.*)

.rela.sbss2
 *(.rela.sbss2 .rela.sbss2.* .rela.gnu.linkonce.sb2.*)

.rela.bss
 *(.rela.bss .rela.bss.* .rela.gnu.linkonce.b.*)

.stab
 *(.stab)

.stabstr
 *(.stabstr)

.stab.excl
 *(.stab.excl)

.stab.exclstr
 *(.stab.exclstr)

.stab.index
 *(.stab.index)

.stab.indexstr
 *(.stab.indexstr)

.comment        0x0000000000000000       0x2d
 *(.comment)
 .comment       0x0000000000000000       0x1b CMakeFiles/nox_freertos.elf.dir/app/main.c.o
                                         0x1c (size before relaxing)
 .comment       0x000000000000001b       0x1c CMakeFiles/nox_freertos.elf.dir/app/setup.c.o
 .comment       0x000000000000001b       0x1c CMakeFiles/nox_freertos.elf.dir/libs/uart/uart.c.o
 .comment       0x000000000000001b       0x1c libs/FreeRTOS-Kernel/libfreertos_kernel.a(tasks.c.o)
 .comment       0x000000000000001b       0x1c libs/FreeRTOS-Kernel/libfreertos_kernel.a(timers.c.o)
 .comment       0x000000000000001b       0x1c libs/FreeRTOS-Kernel/libfreertos_kernel.a(heap_4.c.o)
 .comment       0x000000000000001b       0x1c libs/FreeRTOS-Kernel/libfreertos_kernel.a(list.c.o)
 .comment       0x000000000000001b       0x1c libs/FreeRTOS-Kernel/libfreertos_kernel.a(queue.c.o)
 .comment       0x000000000000001b       0x12 /opt/riscv/lib/gcc/riscv32-unknown-elf/12.1.0/../../../../riscv32-unknown-elf/lib/libc.a(lib_a-memcpy.o)
                                         0x13 (size before relaxing)
 .comment       0x000000000000002d       0x1c /opt/riscv/lib/gcc/riscv32-unknown-elf/12.1.0/libgcc.a(_clzsi2.o)
 .comment       0x000000000000002d       0x1c /opt/riscv/lib/gcc/riscv32-unknown-elf/12.1.0/libgcc.a(_clz.o)
 .comment       0x000000000000002d       0x1c libs/FreeRTOS-Kernel/portable/libfreertos_kernel_port.a(port.c.o)

.riscv.attributes
                0x0000000000000000       0x20
 .riscv.attributes
                0x0000000000000000       0x1c CMakeFiles/nox_freertos.elf.dir/app/main.c.o
 .riscv.attributes
                0x000000000000001c       0x20 CMakeFiles/nox_freertos.elf.dir/app/setup.c.o
 .riscv.attributes
                0x000000000000003c       0x1c CMakeFiles/nox_freertos.elf.dir/libs/uart/uart.c.o
 .riscv.attributes
                0x0000000000000058       0x1e CMakeFiles/nox_freertos.elf.dir/startup/crt0.S.o
 .riscv.attributes
                0x0000000000000076       0x20 libs/FreeRTOS-Kernel/libfreertos_kernel.a(tasks.c.o)
 .riscv.attributes
                0x0000000000000096       0x20 libs/FreeRTOS-Kernel/libfreertos_kernel.a(timers.c.o)
 .riscv.attributes
                0x00000000000000b6       0x20 libs/FreeRTOS-Kernel/libfreertos_kernel.a(heap_4.c.o)
 .riscv.attributes
                0x00000000000000d6       0x1c libs/FreeRTOS-Kernel/libfreertos_kernel.a(list.c.o)
 .riscv.attributes
                0x00000000000000f2       0x20 libs/FreeRTOS-Kernel/libfreertos_kernel.a(queue.c.o)
 .riscv.attributes
                0x0000000000000112       0x1c /opt/riscv/lib/gcc/riscv32-unknown-elf/12.1.0/../../../../riscv32-unknown-elf/lib/libc.a(lib_a-memcpy.o)
 .riscv.attributes
                0x000000000000012e       0x1a /opt/riscv/lib/gcc/riscv32-unknown-elf/12.1.0/../../../../riscv32-unknown-elf/lib/libc.a(lib_a-memset.o)
 .riscv.attributes
                0x0000000000000148       0x1c /opt/riscv/lib/gcc/riscv32-unknown-elf/12.1.0/libgcc.a(_clzsi2.o)
 .riscv.attributes
                0x0000000000000164       0x1a /opt/riscv/lib/gcc/riscv32-unknown-elf/12.1.0/libgcc.a(muldi3.o)
 .riscv.attributes
                0x000000000000017e       0x1a /opt/riscv/lib/gcc/riscv32-unknown-elf/12.1.0/libgcc.a(div.o)
 .riscv.attributes
                0x0000000000000198       0x1c /opt/riscv/lib/gcc/riscv32-unknown-elf/12.1.0/libgcc.a(_clz.o)
 .riscv.attributes
                0x00000000000001b4       0x20 libs/FreeRTOS-Kernel/portable/libfreertos_kernel_port.a(port.c.o)
 .riscv.attributes
                0x00000000000001d4       0x1e libs/FreeRTOS-Kernel/portable/libfreertos_kernel_port.a(portASM.S.o)

.gnu.build.attributes
 *(.gnu.build.attributes .gnu.build.attributes.*)

.debug
 *(.debug)

.line
 *(.line)

.debug_srcinfo
 *(.debug_srcinfo)

.debug_sfnames
 *(.debug_sfnames)

.debug_aranges  0x0000000000000000      0x6c0
 *(.debug_aranges)
 .debug_aranges
                0x0000000000000000       0x40 CMakeFiles/nox_freertos.elf.dir/app/main.c.o
 .debug_aranges
                0x0000000000000040       0x70 CMakeFiles/nox_freertos.elf.dir/app/setup.c.o
 .debug_aranges
                0x00000000000000b0       0x78 CMakeFiles/nox_freertos.elf.dir/libs/uart/uart.c.o
 .debug_aranges
                0x0000000000000128       0x20 CMakeFiles/nox_freertos.elf.dir/startup/crt0.S.o
 .debug_aranges
                0x0000000000000148      0x1e0 libs/FreeRTOS-Kernel/libfreertos_kernel.a(tasks.c.o)
 .debug_aranges
                0x0000000000000328       0xe8 libs/FreeRTOS-Kernel/libfreertos_kernel.a(timers.c.o)
 .debug_aranges
                0x0000000000000410       0x60 libs/FreeRTOS-Kernel/libfreertos_kernel.a(heap_4.c.o)
 .debug_aranges
                0x0000000000000470       0x40 libs/FreeRTOS-Kernel/libfreertos_kernel.a(list.c.o)
 .debug_aranges
                0x00000000000004b0      0x128 libs/FreeRTOS-Kernel/libfreertos_kernel.a(queue.c.o)
 .debug_aranges
                0x00000000000005d8       0x20 /opt/riscv/lib/gcc/riscv32-unknown-elf/12.1.0/libgcc.a(_clzsi2.o)
 .debug_aranges
                0x00000000000005f8       0x20 /opt/riscv/lib/gcc/riscv32-unknown-elf/12.1.0/libgcc.a(muldi3.o)
 .debug_aranges
                0x0000000000000618       0x20 /opt/riscv/lib/gcc/riscv32-unknown-elf/12.1.0/libgcc.a(div.o)
 .debug_aranges
                0x0000000000000638       0x18 /opt/riscv/lib/gcc/riscv32-unknown-elf/12.1.0/libgcc.a(_clz.o)
 .debug_aranges
                0x0000000000000650       0x30 libs/FreeRTOS-Kernel/portable/libfreertos_kernel_port.a(port.c.o)
 .debug_aranges
                0x0000000000000680       0x40 libs/FreeRTOS-Kernel/portable/libfreertos_kernel_port.a(portASM.S.o)

.debug_pubnames
 *(.debug_pubnames)

.debug_info     0x0000000000000000     0x695a
 *(.debug_info .gnu.linkonce.wi.*)
 .debug_info    0x0000000000000000      0x46d CMakeFiles/nox_freertos.elf.dir/app/main.c.o
 .debug_info    0x000000000000046d      0x376 CMakeFiles/nox_freertos.elf.dir/app/setup.c.o
 .debug_info    0x00000000000007e3      0x574 CMakeFiles/nox_freertos.elf.dir/libs/uart/uart.c.o
 .debug_info    0x0000000000000d57       0x25 CMakeFiles/nox_freertos.elf.dir/startup/crt0.S.o
 .debug_info    0x0000000000000d7c     0x22a0 libs/FreeRTOS-Kernel/libfreertos_kernel.a(tasks.c.o)
 .debug_info    0x000000000000301c     0x11cb libs/FreeRTOS-Kernel/libfreertos_kernel.a(timers.c.o)
 .debug_info    0x00000000000041e7      0x5c7 libs/FreeRTOS-Kernel/libfreertos_kernel.a(heap_4.c.o)
 .debug_info    0x00000000000047ae      0x2a7 libs/FreeRTOS-Kernel/libfreertos_kernel.a(list.c.o)
 .debug_info    0x0000000000004a55     0x1960 libs/FreeRTOS-Kernel/libfreertos_kernel.a(queue.c.o)
 .debug_info    0x00000000000063b5      0x142 /opt/riscv/lib/gcc/riscv32-unknown-elf/12.1.0/libgcc.a(_clzsi2.o)
 .debug_info    0x00000000000064f7       0x2f /opt/riscv/lib/gcc/riscv32-unknown-elf/12.1.0/libgcc.a(muldi3.o)
 .debug_info    0x0000000000006526       0x59 /opt/riscv/lib/gcc/riscv32-unknown-elf/12.1.0/libgcc.a(div.o)
 .debug_info    0x000000000000657f       0xd8 /opt/riscv/lib/gcc/riscv32-unknown-elf/12.1.0/libgcc.a(_clz.o)
 .debug_info    0x0000000000006657      0x2e0 libs/FreeRTOS-Kernel/portable/libfreertos_kernel_port.a(port.c.o)
 .debug_info    0x0000000000006937       0x23 libs/FreeRTOS-Kernel/portable/libfreertos_kernel_port.a(portASM.S.o)

.debug_abbrev   0x0000000000000000     0x14ba
 *(.debug_abbrev)
 .debug_abbrev  0x0000000000000000      0x17e CMakeFiles/nox_freertos.elf.dir/app/main.c.o
 .debug_abbrev  0x000000000000017e      0x17f CMakeFiles/nox_freertos.elf.dir/app/setup.c.o
 .debug_abbrev  0x00000000000002fd      0x212 CMakeFiles/nox_freertos.elf.dir/libs/uart/uart.c.o
 .debug_abbrev  0x000000000000050f       0x14 CMakeFiles/nox_freertos.elf.dir/startup/crt0.S.o
 .debug_abbrev  0x0000000000000523      0x360 libs/FreeRTOS-Kernel/libfreertos_kernel.a(tasks.c.o)
 .debug_abbrev  0x0000000000000883      0x2c3 libs/FreeRTOS-Kernel/libfreertos_kernel.a(timers.c.o)
 .debug_abbrev  0x0000000000000b46      0x262 libs/FreeRTOS-Kernel/libfreertos_kernel.a(heap_4.c.o)
 .debug_abbrev  0x0000000000000da8      0x116 libs/FreeRTOS-Kernel/libfreertos_kernel.a(list.c.o)
 .debug_abbrev  0x0000000000000ebe      0x2e3 libs/FreeRTOS-Kernel/libfreertos_kernel.a(queue.c.o)
 .debug_abbrev  0x00000000000011a1       0xca /opt/riscv/lib/gcc/riscv32-unknown-elf/12.1.0/libgcc.a(_clzsi2.o)
 .debug_abbrev  0x000000000000126b       0x21 /opt/riscv/lib/gcc/riscv32-unknown-elf/12.1.0/libgcc.a(muldi3.o)
 .debug_abbrev  0x000000000000128c       0x21 /opt/riscv/lib/gcc/riscv32-unknown-elf/12.1.0/libgcc.a(div.o)
 .debug_abbrev  0x00000000000012ad       0x70 /opt/riscv/lib/gcc/riscv32-unknown-elf/12.1.0/libgcc.a(_clz.o)
 .debug_abbrev  0x000000000000131d      0x18b libs/FreeRTOS-Kernel/portable/libfreertos_kernel_port.a(port.c.o)
 .debug_abbrev  0x00000000000014a8       0x12 libs/FreeRTOS-Kernel/portable/libfreertos_kernel_port.a(portASM.S.o)

.debug_line     0x0000000000000000     0xc0eb
 *(.debug_line .debug_line.* .debug_line_end)
 .debug_line    0x0000000000000000      0x2bc CMakeFiles/nox_freertos.elf.dir/app/main.c.o
 .debug_line    0x00000000000002bc      0x29f CMakeFiles/nox_freertos.elf.dir/app/setup.c.o
 .debug_line    0x000000000000055b      0x73f CMakeFiles/nox_freertos.elf.dir/libs/uart/uart.c.o
 .debug_line    0x0000000000000c9a      0x249 CMakeFiles/nox_freertos.elf.dir/startup/crt0.S.o
 .debug_line    0x0000000000000ee3     0x5207 libs/FreeRTOS-Kernel/libfreertos_kernel.a(tasks.c.o)
 .debug_line    0x00000000000060ea     0x150d libs/FreeRTOS-Kernel/libfreertos_kernel.a(timers.c.o)
 .debug_line    0x00000000000075f7      0xbdd libs/FreeRTOS-Kernel/libfreertos_kernel.a(heap_4.c.o)
 .debug_line    0x00000000000081d4      0x3ff libs/FreeRTOS-Kernel/libfreertos_kernel.a(list.c.o)
 .debug_line    0x00000000000085d3     0x331c libs/FreeRTOS-Kernel/libfreertos_kernel.a(queue.c.o)
 .debug_line    0x000000000000b8ef       0xcb /opt/riscv/lib/gcc/riscv32-unknown-elf/12.1.0/libgcc.a(_clzsi2.o)
 .debug_line    0x000000000000b9ba       0x7a /opt/riscv/lib/gcc/riscv32-unknown-elf/12.1.0/libgcc.a(muldi3.o)
 .debug_line    0x000000000000ba34      0x153 /opt/riscv/lib/gcc/riscv32-unknown-elf/12.1.0/libgcc.a(div.o)
 .debug_line    0x000000000000bb87       0x3f /opt/riscv/lib/gcc/riscv32-unknown-elf/12.1.0/libgcc.a(_clz.o)
 .debug_line    0x000000000000bbc6      0x208 libs/FreeRTOS-Kernel/portable/libfreertos_kernel_port.a(port.c.o)
 .debug_line    0x000000000000bdce      0x31d libs/FreeRTOS-Kernel/portable/libfreertos_kernel_port.a(portASM.S.o)

.debug_frame    0x0000000000000000     0x133c
 *(.debug_frame)
 .debug_frame   0x0000000000000000       0x88 CMakeFiles/nox_freertos.elf.dir/app/main.c.o
 .debug_frame   0x0000000000000088      0x128 CMakeFiles/nox_freertos.elf.dir/app/setup.c.o
 .debug_frame   0x00000000000001b0      0x140 CMakeFiles/nox_freertos.elf.dir/libs/uart/uart.c.o
 .debug_frame   0x00000000000002f0      0x6b8 libs/FreeRTOS-Kernel/libfreertos_kernel.a(tasks.c.o)
 .debug_frame   0x00000000000009a8      0x2f8 libs/FreeRTOS-Kernel/libfreertos_kernel.a(timers.c.o)
 .debug_frame   0x0000000000000ca0      0x124 libs/FreeRTOS-Kernel/libfreertos_kernel.a(heap_4.c.o)
 .debug_frame   0x0000000000000dc4       0x60 libs/FreeRTOS-Kernel/libfreertos_kernel.a(list.c.o)
 .debug_frame   0x0000000000000e24      0x4a4 libs/FreeRTOS-Kernel/libfreertos_kernel.a(queue.c.o)
 .debug_frame   0x00000000000012c8       0x20 /opt/riscv/lib/gcc/riscv32-unknown-elf/12.1.0/libgcc.a(_clzsi2.o)
 .debug_frame   0x00000000000012e8       0x54 libs/FreeRTOS-Kernel/portable/libfreertos_kernel_port.a(port.c.o)

.debug_str      0x0000000000000000     0x2342
 *(.debug_str)
 .debug_str     0x0000000000000000      0x1f2 CMakeFiles/nox_freertos.elf.dir/app/main.c.o
                                        0x264 (size before relaxing)
 .debug_str     0x00000000000001f2      0x172 CMakeFiles/nox_freertos.elf.dir/app/setup.c.o
                                        0x2e6 (size before relaxing)
 .debug_str     0x0000000000000364      0x112 CMakeFiles/nox_freertos.elf.dir/libs/uart/uart.c.o
                                        0x2a0 (size before relaxing)
 .debug_str     0x0000000000000476       0x2d CMakeFiles/nox_freertos.elf.dir/startup/crt0.S.o
 .debug_str     0x00000000000004a3      0xd9b libs/FreeRTOS-Kernel/libfreertos_kernel.a(tasks.c.o)
                                       0x1031 (size before relaxing)
 .debug_str     0x000000000000123e      0x56f libs/FreeRTOS-Kernel/libfreertos_kernel.a(timers.c.o)
                                        0x910 (size before relaxing)
 .debug_str     0x00000000000017ad      0x2a8 libs/FreeRTOS-Kernel/libfreertos_kernel.a(heap_4.c.o)
                                        0x4a8 (size before relaxing)
 .debug_str     0x0000000000001a55       0x36 libs/FreeRTOS-Kernel/libfreertos_kernel.a(list.c.o)
                                        0x268 (size before relaxing)
 .debug_str     0x0000000000001a8b      0x53b libs/FreeRTOS-Kernel/libfreertos_kernel.a(queue.c.o)
                                        0xaa0 (size before relaxing)
 .debug_str     0x0000000000001fc6       0xff /opt/riscv/lib/gcc/riscv32-unknown-elf/12.1.0/libgcc.a(_clzsi2.o)
                                        0x1b1 (size before relaxing)
 .debug_str     0x00000000000020c5       0x94 /opt/riscv/lib/gcc/riscv32-unknown-elf/12.1.0/libgcc.a(muldi3.o)
                                         0xa9 (size before relaxing)
 .debug_str     0x0000000000002159       0x63 /opt/riscv/lib/gcc/riscv32-unknown-elf/12.1.0/libgcc.a(div.o)
                                         0xd6 (size before relaxing)
 .debug_str     0x00000000000021bc      0x194 /opt/riscv/lib/gcc/riscv32-unknown-elf/12.1.0/libgcc.a(_clz.o)
 .debug_str     0x00000000000021bc      0x123 libs/FreeRTOS-Kernel/portable/libfreertos_kernel_port.a(port.c.o)
                                        0x2da (size before relaxing)
 .debug_str     0x00000000000022df       0x63 libs/FreeRTOS-Kernel/portable/libfreertos_kernel_port.a(portASM.S.o)
                                         0x6f (size before relaxing)

.debug_loc
 *(.debug_loc)

.debug_macinfo
 *(.debug_macinfo)

.debug_weaknames
 *(.debug_weaknames)

.debug_funcnames
 *(.debug_funcnames)

.debug_typenames
 *(.debug_typenames)

.debug_varnames
 *(.debug_varnames)

.debug_pubtypes
 *(.debug_pubtypes)

.debug_ranges
 *(.debug_ranges)

.debug_macro
 *(.debug_macro)

.debug_addr
 *(.debug_addr)

.gnu.attributes
 *(.gnu.attributes)

/DISCARD/
 *(.note.GNU-stack)
 *(.gnu_debuglink)
 *(.gnu.lto_*)
                [!provide]                        PROVIDE (__crt0_max_heap = __rv32_heap_size)
                [!provide]                        PROVIDE (__crt0_imem_begin = ORIGIN (iram))
                [!provide]                        PROVIDE (__crt0_dmem_begin = ORIGIN (dram))
                0x0000000010007ffc                PROVIDE (__crt0_stack_begin = ((ORIGIN (dram) + LENGTH (dram)) - 0x4))
                0x0000000010000020                PROVIDE (__crt0_bss_start = __BSS_START__)
                0x0000000010001fd0                PROVIDE (__crt0_bss_end = __BSS_END__)
                0x00000000a0003758                PROVIDE (__crt0_copy_data_src_begin = LOADADDR (.data))
                0x0000000010000000                PROVIDE (__crt0_copy_data_dst_begin = ADDR (.data))
                0x0000000010000018                PROVIDE (__crt0_copy_data_dst_end = (ADDR (.data) + SIZEOF (.data)))
                [!provide]                        PROVIDE (__crt0_io_space_begin = ORIGIN (iodev))
                [!provide]                        PROVIDE (__crt0_io_space_end = (ORIGIN (iodev) + LENGTH (iodev)))
OUTPUT(nox_freertos.elf elf32-littleriscv)

.debug_loclists
                0x0000000000000000     0x49af
 .debug_loclists
                0x0000000000000000      0x100 CMakeFiles/nox_freertos.elf.dir/app/main.c.o
 .debug_loclists
                0x0000000000000100       0xaf CMakeFiles/nox_freertos.elf.dir/app/setup.c.o
 .debug_loclists
                0x00000000000001af      0x2ab CMakeFiles/nox_freertos.elf.dir/libs/uart/uart.c.o
 .debug_loclists
                0x000000000000045a     0x1ee9 libs/FreeRTOS-Kernel/libfreertos_kernel.a(tasks.c.o)
 .debug_loclists
                0x0000000000002343      0xbce libs/FreeRTOS-Kernel/libfreertos_kernel.a(timers.c.o)
 .debug_loclists
                0x0000000000002f11      0x43c libs/FreeRTOS-Kernel/libfreertos_kernel.a(heap_4.c.o)
 .debug_loclists
                0x000000000000334d       0x5f libs/FreeRTOS-Kernel/libfreertos_kernel.a(list.c.o)
 .debug_loclists
                0x00000000000033ac     0x157a libs/FreeRTOS-Kernel/libfreertos_kernel.a(queue.c.o)
 .debug_loclists
                0x0000000000004926       0x62 /opt/riscv/lib/gcc/riscv32-unknown-elf/12.1.0/libgcc.a(_clzsi2.o)
 .debug_loclists
                0x0000000000004988       0x27 libs/FreeRTOS-Kernel/portable/libfreertos_kernel_port.a(port.c.o)

.debug_rnglists
                0x0000000000000000      0x926
 .debug_rnglists
                0x0000000000000000       0x3a CMakeFiles/nox_freertos.elf.dir/app/main.c.o
 .debug_rnglists
                0x000000000000003a       0x70 CMakeFiles/nox_freertos.elf.dir/app/setup.c.o
 .debug_rnglists
                0x00000000000000aa       0x79 CMakeFiles/nox_freertos.elf.dir/libs/uart/uart.c.o
 .debug_rnglists
                0x0000000000000123      0x3dd libs/FreeRTOS-Kernel/libfreertos_kernel.a(tasks.c.o)
 .debug_rnglists
                0x0000000000000500       0xf7 libs/FreeRTOS-Kernel/libfreertos_kernel.a(timers.c.o)
 .debug_rnglists
                0x00000000000005f7       0x5e libs/FreeRTOS-Kernel/libfreertos_kernel.a(heap_4.c.o)
 .debug_rnglists
                0x0000000000000655       0x3a libs/FreeRTOS-Kernel/libfreertos_kernel.a(list.c.o)
 .debug_rnglists
                0x000000000000068f      0x217 libs/FreeRTOS-Kernel/libfreertos_kernel.a(queue.c.o)
 .debug_rnglists
                0x00000000000008a6       0x28 /opt/riscv/lib/gcc/riscv32-unknown-elf/12.1.0/libgcc.a(_clzsi2.o)
 .debug_rnglists
                0x00000000000008ce       0x28 libs/FreeRTOS-Kernel/portable/libfreertos_kernel_port.a(port.c.o)
 .debug_rnglists
                0x00000000000008f6       0x30 libs/FreeRTOS-Kernel/portable/libfreertos_kernel_port.a(portASM.S.o)

.debug_line_str
                0x0000000000000000      0x4a6
 .debug_line_str
                0x0000000000000000      0x123 CMakeFiles/nox_freertos.elf.dir/app/main.c.o
                                        0x13d (size before relaxing)
 .debug_line_str
                0x0000000000000123       0x41 CMakeFiles/nox_freertos.elf.dir/app/setup.c.o
                                        0x129 (size before relaxing)
 .debug_line_str
                0x0000000000000164       0x56 CMakeFiles/nox_freertos.elf.dir/libs/uart/uart.c.o
                                        0x130 (size before relaxing)
 .debug_line_str
                0x00000000000001ba       0x15 CMakeFiles/nox_freertos.elf.dir/startup/crt0.S.o
                                         0x21 (size before relaxing)
 .debug_line_str
                0x00000000000001cf       0x97 libs/FreeRTOS-Kernel/libfreertos_kernel.a(tasks.c.o)
                                        0x20a (size before relaxing)
 .debug_line_str
                0x0000000000000266       0x2c libs/FreeRTOS-Kernel/libfreertos_kernel.a(timers.c.o)
                                        0x1da (size before relaxing)
 .debug_line_str
                0x0000000000000292       0x61 libs/FreeRTOS-Kernel/libfreertos_kernel.a(heap_4.c.o)
                                        0x214 (size before relaxing)
 .debug_line_str
                0x00000000000002f3       0x22 libs/FreeRTOS-Kernel/libfreertos_kernel.a(list.c.o)
                                        0x167 (size before relaxing)
 .debug_line_str
                0x0000000000000315       0x23 libs/FreeRTOS-Kernel/libfreertos_kernel.a(queue.c.o)
                                        0x1fe (size before relaxing)
 .debug_line_str
                0x0000000000000338       0xbd /opt/riscv/lib/gcc/riscv32-unknown-elf/12.1.0/libgcc.a(_clzsi2.o)
                                        0x124 (size before relaxing)
 .debug_line_str
                0x00000000000003f5       0x41 /opt/riscv/lib/gcc/riscv32-unknown-elf/12.1.0/libgcc.a(muldi3.o)
                                         0x94 (size before relaxing)
 .debug_line_str
                0x0000000000000436        0x6 /opt/riscv/lib/gcc/riscv32-unknown-elf/12.1.0/libgcc.a(div.o)
                                         0x91 (size before relaxing)
 .debug_line_str
                0x000000000000043c      0x124 /opt/riscv/lib/gcc/riscv32-unknown-elf/12.1.0/libgcc.a(_clz.o)
 .debug_line_str
                0x000000000000043c       0x60 libs/FreeRTOS-Kernel/portable/libfreertos_kernel_port.a(port.c.o)
                                        0x1b7 (size before relaxing)
 .debug_line_str
                0x000000000000049c        0xa libs/FreeRTOS-Kernel/portable/libfreertos_kernel_port.a(portASM.S.o)
                                         0x63 (size before relaxing)

Cross Reference Table

Symbol                                            File
SystemIrqHandler                                  CMakeFiles/nox_freertos.elf.dir/app/setup.c.o
__clz_tab                                         /opt/riscv/lib/gcc/riscv32-unknown-elf/12.1.0/libgcc.a(_clz.o)
                                                  /opt/riscv/lib/gcc/riscv32-unknown-elf/12.1.0/libgcc.a(_clzsi2.o)
__clzsi2                                          /opt/riscv/lib/gcc/riscv32-unknown-elf/12.1.0/libgcc.a(_clzsi2.o)
                                                  libs/FreeRTOS-Kernel/libfreertos_kernel.a(tasks.c.o)
__crt0_bss_end                                    CMakeFiles/nox_freertos.elf.dir/startup/crt0.S.o
__crt0_bss_start                                  CMakeFiles/nox_freertos.elf.dir/startup/crt0.S.o
__crt0_copy_data_dst_begin                        CMakeFiles/nox_freertos.elf.dir/startup/crt0.S.o
__crt0_copy_data_dst_end                          CMakeFiles/nox_freertos.elf.dir/startup/crt0.S.o
__crt0_copy_data_src_begin                        CMakeFiles/nox_freertos.elf.dir/startup/crt0.S.o
__crt0_main_exit                                  CMakeFiles/nox_freertos.elf.dir/startup/crt0.S.o
__crt0_stack_begin                                CMakeFiles/nox_freertos.elf.dir/startup/crt0.S.o
__divsi3                                          /opt/riscv/lib/gcc/riscv32-unknown-elf/12.1.0/libgcc.a(div.o)
__fini_array_end                                  CMakeFiles/nox_freertos.elf.dir/startup/crt0.S.o
__fini_array_start                                CMakeFiles/nox_freertos.elf.dir/startup/crt0.S.o
__global_pointer$                                 CMakeFiles/nox_freertos.elf.dir/startup/crt0.S.o
__hidden___udivsi3                                /opt/riscv/lib/gcc/riscv32-unknown-elf/12.1.0/libgcc.a(div.o)
__init_array_end                                  CMakeFiles/nox_freertos.elf.dir/startup/crt0.S.o
__init_array_start                                CMakeFiles/nox_freertos.elf.dir/startup/crt0.S.o
__modsi3                                          /opt/riscv/lib/gcc/riscv32-unknown-elf/12.1.0/libgcc.a(div.o)
__mulsi3                                          /opt/riscv/lib/gcc/riscv32-unknown-elf/12.1.0/libgcc.a(muldi3.o)
                                                  libs/FreeRTOS-Kernel/libfreertos_kernel.a(queue.c.o)
                                                  libs/FreeRTOS-Kernel/libfreertos_kernel.a(heap_4.c.o)
__neorv32_crt0_after_main                         CMakeFiles/nox_freertos.elf.dir/startup/crt0.S.o
__udivsi3                                         /opt/riscv/lib/gcc/riscv32-unknown-elf/12.1.0/libgcc.a(div.o)
                                                  CMakeFiles/nox_freertos.elf.dir/libs/uart/uart.c.o
__umodsi3                                         /opt/riscv/lib/gcc/riscv32-unknown-elf/12.1.0/libgcc.a(div.o)
                                                  CMakeFiles/nox_freertos.elf.dir/libs/uart/uart.c.o
_start                                            CMakeFiles/nox_freertos.elf.dir/startup/crt0.S.o
addr_print                                        CMakeFiles/nox_freertos.elf.dir/libs/uart/uart.c.o
eTaskGetState                                     libs/FreeRTOS-Kernel/libfreertos_kernel.a(tasks.c.o)
freertos_risc_v_application_exception_handler     CMakeFiles/nox_freertos.elf.dir/app/setup.c.o
freertos_risc_v_application_interrupt_handler     CMakeFiles/nox_freertos.elf.dir/app/setup.c.o
freertos_risc_v_exception_handler                 libs/FreeRTOS-Kernel/portable/libfreertos_kernel_port.a(portASM.S.o)
freertos_risc_v_interrupt_handler                 libs/FreeRTOS-Kernel/portable/libfreertos_kernel_port.a(portASM.S.o)
freertos_risc_v_mtimer_interrupt_handler          libs/FreeRTOS-Kernel/portable/libfreertos_kernel_port.a(portASM.S.o)
freertos_risc_v_trap_handler                      libs/FreeRTOS-Kernel/portable/libfreertos_kernel_port.a(portASM.S.o)
                                                  CMakeFiles/nox_freertos.elf.dir/app/setup.c.o
getchar                                           CMakeFiles/nox_freertos.elf.dir/libs/uart/uart.c.o
                                                  CMakeFiles/nox_freertos.elf.dir/app/setup.c.o
main                                              CMakeFiles/nox_freertos.elf.dir/app/main.c.o
                                                  CMakeFiles/nox_freertos.elf.dir/app/setup.c.o
memcpy                                            /opt/riscv/lib/gcc/riscv32-unknown-elf/12.1.0/../../../../riscv32-unknown-elf/lib/libc.a(lib_a-memcpy.o)
                                                  libs/FreeRTOS-Kernel/libfreertos_kernel.a(queue.c.o)
memset                                            /opt/riscv/lib/gcc/riscv32-unknown-elf/12.1.0/../../../../riscv32-unknown-elf/lib/libc.a(lib_a-memset.o)
                                                  libs/FreeRTOS-Kernel/portable/libfreertos_kernel_port.a(port.c.o)
                                                  libs/FreeRTOS-Kernel/libfreertos_kernel.a(heap_4.c.o)
                                                  libs/FreeRTOS-Kernel/libfreertos_kernel.a(tasks.c.o)
pcQueueGetName                                    libs/FreeRTOS-Kernel/libfreertos_kernel.a(queue.c.o)
pcTaskGetName                                     libs/FreeRTOS-Kernel/libfreertos_kernel.a(tasks.c.o)
pcTimerGetName                                    libs/FreeRTOS-Kernel/libfreertos_kernel.a(timers.c.o)
pullMachineTimerCompareRegister                   libs/FreeRTOS-Kernel/portable/libfreertos_kernel_port.a(port.c.o)
                                                  libs/FreeRTOS-Kernel/portable/libfreertos_kernel_port.a(portASM.S.o)
pullNextTime                                      libs/FreeRTOS-Kernel/portable/libfreertos_kernel_port.a(port.c.o)
                                                  libs/FreeRTOS-Kernel/portable/libfreertos_kernel_port.a(portASM.S.o)
putchar                                           CMakeFiles/nox_freertos.elf.dir/libs/uart/uart.c.o
pvPortCalloc                                      libs/FreeRTOS-Kernel/libfreertos_kernel.a(heap_4.c.o)
pvPortMalloc                                      libs/FreeRTOS-Kernel/libfreertos_kernel.a(heap_4.c.o)
                                                  libs/FreeRTOS-Kernel/libfreertos_kernel.a(queue.c.o)
                                                  libs/FreeRTOS-Kernel/libfreertos_kernel.a(timers.c.o)
                                                  libs/FreeRTOS-Kernel/libfreertos_kernel.a(tasks.c.o)
pvTaskIncrementMutexHeldCount                     libs/FreeRTOS-Kernel/libfreertos_kernel.a(tasks.c.o)
                                                  libs/FreeRTOS-Kernel/libfreertos_kernel.a(queue.c.o)
pvTimerGetTimerID                                 libs/FreeRTOS-Kernel/libfreertos_kernel.a(timers.c.o)
pxCriticalNesting                                 libs/FreeRTOS-Kernel/portable/libfreertos_kernel_port.a(port.c.o)
                                                  libs/FreeRTOS-Kernel/portable/libfreertos_kernel_port.a(portASM.S.o)
pxCurrentTCB                                      libs/FreeRTOS-Kernel/libfreertos_kernel.a(tasks.c.o)
                                                  libs/FreeRTOS-Kernel/portable/libfreertos_kernel_port.a(portASM.S.o)
pxPortInitialiseStack                             libs/FreeRTOS-Kernel/portable/libfreertos_kernel_port.a(portASM.S.o)
                                                  libs/FreeRTOS-Kernel/libfreertos_kernel.a(tasks.c.o)
setup                                             CMakeFiles/nox_freertos.elf.dir/app/setup.c.o
                                                  CMakeFiles/nox_freertos.elf.dir/startup/crt0.S.o
strlen                                            /opt/riscv/lib/gcc/riscv32-unknown-elf/12.1.0/../../../../riscv32-unknown-elf/lib/libc.a(lib_a-strlen.o)
                                                  libs/FreeRTOS-Kernel/libfreertos_kernel.a(tasks.c.o)
uart0_char_received                               CMakeFiles/nox_freertos.elf.dir/libs/uart/uart.c.o
uart0_char_received_get                           CMakeFiles/nox_freertos.elf.dir/libs/uart/uart.c.o
uart0_getc                                        CMakeFiles/nox_freertos.elf.dir/libs/uart/uart.c.o
uart0_print                                       CMakeFiles/nox_freertos.elf.dir/libs/uart/uart.c.o
                                                  CMakeFiles/nox_freertos.elf.dir/app/setup.c.o
uart0_printf                                      CMakeFiles/nox_freertos.elf.dir/libs/uart/uart.c.o
                                                  CMakeFiles/nox_freertos.elf.dir/app/setup.c.o
                                                  CMakeFiles/nox_freertos.elf.dir/app/main.c.o
uart0_putc                                        CMakeFiles/nox_freertos.elf.dir/libs/uart/uart.c.o
uart0_setup                                       CMakeFiles/nox_freertos.elf.dir/libs/uart/uart.c.o
                                                  CMakeFiles/nox_freertos.elf.dir/app/setup.c.o
uart_cfg                                          CMakeFiles/nox_freertos.elf.dir/libs/uart/uart.c.o
uart_print                                        CMakeFiles/nox_freertos.elf.dir/libs/uart/uart.c.o
uart_rx_csr                                       CMakeFiles/nox_freertos.elf.dir/libs/uart/uart.c.o
uart_stats                                        CMakeFiles/nox_freertos.elf.dir/libs/uart/uart.c.o
ulTaskGenericNotifyTake                           libs/FreeRTOS-Kernel/libfreertos_kernel.a(tasks.c.o)
ulTaskGenericNotifyValueClear                     libs/FreeRTOS-Kernel/libfreertos_kernel.a(tasks.c.o)
ullMachineTimerCompareRegisterBase                libs/FreeRTOS-Kernel/portable/libfreertos_kernel_port.a(port.c.o)
ullNextTime                                       libs/FreeRTOS-Kernel/portable/libfreertos_kernel_port.a(port.c.o)
uxListRemove                                      libs/FreeRTOS-Kernel/libfreertos_kernel.a(list.c.o)
                                                  libs/FreeRTOS-Kernel/libfreertos_kernel.a(timers.c.o)
                                                  libs/FreeRTOS-Kernel/libfreertos_kernel.a(tasks.c.o)
uxQueueMessagesWaiting                            libs/FreeRTOS-Kernel/libfreertos_kernel.a(queue.c.o)
uxQueueMessagesWaitingFromISR                     libs/FreeRTOS-Kernel/libfreertos_kernel.a(queue.c.o)
uxQueueSpacesAvailable                            libs/FreeRTOS-Kernel/libfreertos_kernel.a(queue.c.o)
uxTaskGetNumberOfTasks                            libs/FreeRTOS-Kernel/libfreertos_kernel.a(tasks.c.o)
                                                  libs/FreeRTOS-Kernel/libfreertos_kernel.a(queue.c.o)
uxTaskPriorityGet                                 libs/FreeRTOS-Kernel/libfreertos_kernel.a(tasks.c.o)
uxTaskPriorityGetFromISR                          libs/FreeRTOS-Kernel/libfreertos_kernel.a(tasks.c.o)
uxTaskResetEventItemValue                         libs/FreeRTOS-Kernel/libfreertos_kernel.a(tasks.c.o)
uxTimerGetReloadMode                              libs/FreeRTOS-Kernel/libfreertos_kernel.a(timers.c.o)
uxTimerIncrementsForOneTick                       libs/FreeRTOS-Kernel/portable/libfreertos_kernel_port.a(port.c.o)
                                                  libs/FreeRTOS-Kernel/portable/libfreertos_kernel_port.a(portASM.S.o)
uxTopUsedPriority                                 libs/FreeRTOS-Kernel/libfreertos_kernel.a(tasks.c.o)
vApplicationIdleHook                              CMakeFiles/nox_freertos.elf.dir/app/setup.c.o
                                                  libs/FreeRTOS-Kernel/libfreertos_kernel.a(tasks.c.o)
vApplicationMallocFailedHook                      CMakeFiles/nox_freertos.elf.dir/app/setup.c.o
                                                  libs/FreeRTOS-Kernel/libfreertos_kernel.a(heap_4.c.o)
vApplicationStackOverflowHook                     CMakeFiles/nox_freertos.elf.dir/app/setup.c.o
                                                  libs/FreeRTOS-Kernel/libfreertos_kernel.a(tasks.c.o)
vApplicationTickHook                              CMakeFiles/nox_freertos.elf.dir/app/setup.c.o
                                                  libs/FreeRTOS-Kernel/libfreertos_kernel.a(tasks.c.o)
vListInitialise                                   libs/FreeRTOS-Kernel/libfreertos_kernel.a(list.c.o)
                                                  libs/FreeRTOS-Kernel/libfreertos_kernel.a(queue.c.o)
                                                  libs/FreeRTOS-Kernel/libfreertos_kernel.a(timers.c.o)
                                                  libs/FreeRTOS-Kernel/libfreertos_kernel.a(tasks.c.o)
vListInitialiseItem                               libs/FreeRTOS-Kernel/libfreertos_kernel.a(list.c.o)
                                                  libs/FreeRTOS-Kernel/libfreertos_kernel.a(timers.c.o)
                                                  libs/FreeRTOS-Kernel/libfreertos_kernel.a(tasks.c.o)
vListInsert                                       libs/FreeRTOS-Kernel/libfreertos_kernel.a(list.c.o)
                                                  libs/FreeRTOS-Kernel/libfreertos_kernel.a(timers.c.o)
                                                  libs/FreeRTOS-Kernel/libfreertos_kernel.a(tasks.c.o)
vListInsertEnd                                    libs/FreeRTOS-Kernel/libfreertos_kernel.a(list.c.o)
                                                  libs/FreeRTOS-Kernel/libfreertos_kernel.a(tasks.c.o)
vPortEndScheduler                                 libs/FreeRTOS-Kernel/portable/libfreertos_kernel_port.a(port.c.o)
                                                  libs/FreeRTOS-Kernel/libfreertos_kernel.a(tasks.c.o)
vPortFree                                         libs/FreeRTOS-Kernel/libfreertos_kernel.a(heap_4.c.o)
                                                  libs/FreeRTOS-Kernel/libfreertos_kernel.a(queue.c.o)
                                                  libs/FreeRTOS-Kernel/libfreertos_kernel.a(timers.c.o)
                                                  libs/FreeRTOS-Kernel/libfreertos_kernel.a(tasks.c.o)
vPortGetHeapStats                                 libs/FreeRTOS-Kernel/libfreertos_kernel.a(heap_4.c.o)
vPortInitialiseBlocks                             libs/FreeRTOS-Kernel/libfreertos_kernel.a(heap_4.c.o)
vPortSetupTimerInterrupt                          libs/FreeRTOS-Kernel/portable/libfreertos_kernel_port.a(port.c.o)
vQueueAddToRegistry                               libs/FreeRTOS-Kernel/libfreertos_kernel.a(queue.c.o)
                                                  libs/FreeRTOS-Kernel/libfreertos_kernel.a(timers.c.o)
vQueueDelete                                      libs/FreeRTOS-Kernel/libfreertos_kernel.a(queue.c.o)
vQueueUnregisterQueue                             libs/FreeRTOS-Kernel/libfreertos_kernel.a(queue.c.o)
vQueueWaitForMessageRestricted                    libs/FreeRTOS-Kernel/libfreertos_kernel.a(queue.c.o)
                                                  libs/FreeRTOS-Kernel/libfreertos_kernel.a(timers.c.o)
vSendString                                       CMakeFiles/nox_freertos.elf.dir/app/setup.c.o
vTaskDelay                                        libs/FreeRTOS-Kernel/libfreertos_kernel.a(tasks.c.o)
                                                  CMakeFiles/nox_freertos.elf.dir/app/main.c.o
vTaskDelete                                       libs/FreeRTOS-Kernel/libfreertos_kernel.a(tasks.c.o)
vTaskEndScheduler                                 libs/FreeRTOS-Kernel/libfreertos_kernel.a(tasks.c.o)
vTaskGenericNotifyGiveFromISR                     libs/FreeRTOS-Kernel/libfreertos_kernel.a(tasks.c.o)
vTaskInternalSetTimeOutState                      libs/FreeRTOS-Kernel/libfreertos_kernel.a(tasks.c.o)
                                                  libs/FreeRTOS-Kernel/libfreertos_kernel.a(queue.c.o)
vTaskMissedYield                                  libs/FreeRTOS-Kernel/libfreertos_kernel.a(tasks.c.o)
                                                  libs/FreeRTOS-Kernel/libfreertos_kernel.a(queue.c.o)
vTaskPlaceOnEventList                             libs/FreeRTOS-Kernel/libfreertos_kernel.a(tasks.c.o)
                                                  libs/FreeRTOS-Kernel/libfreertos_kernel.a(queue.c.o)
vTaskPlaceOnEventListRestricted                   libs/FreeRTOS-Kernel/libfreertos_kernel.a(tasks.c.o)
                                                  libs/FreeRTOS-Kernel/libfreertos_kernel.a(queue.c.o)
vTaskPlaceOnUnorderedEventList                    libs/FreeRTOS-Kernel/libfreertos_kernel.a(tasks.c.o)
vTaskPriorityDisinheritAfterTimeout               libs/FreeRTOS-Kernel/libfreertos_kernel.a(tasks.c.o)
                                                  libs/FreeRTOS-Kernel/libfreertos_kernel.a(queue.c.o)
vTaskPrioritySet                                  libs/FreeRTOS-Kernel/libfreertos_kernel.a(tasks.c.o)
vTaskRemoveFromUnorderedEventList                 libs/FreeRTOS-Kernel/libfreertos_kernel.a(tasks.c.o)
vTaskResume                                       libs/FreeRTOS-Kernel/libfreertos_kernel.a(tasks.c.o)
vTaskSetTimeOutState                              libs/FreeRTOS-Kernel/libfreertos_kernel.a(tasks.c.o)
vTaskStartScheduler                               libs/FreeRTOS-Kernel/libfreertos_kernel.a(tasks.c.o)
                                                  CMakeFiles/nox_freertos.elf.dir/app/main.c.o
vTaskSuspend                                      libs/FreeRTOS-Kernel/libfreertos_kernel.a(tasks.c.o)
vTaskSuspendAll                                   libs/FreeRTOS-Kernel/libfreertos_kernel.a(tasks.c.o)
                                                  libs/FreeRTOS-Kernel/libfreertos_kernel.a(queue.c.o)
                                                  libs/FreeRTOS-Kernel/libfreertos_kernel.a(heap_4.c.o)
                                                  libs/FreeRTOS-Kernel/libfreertos_kernel.a(timers.c.o)
vTaskSwitchContext                                libs/FreeRTOS-Kernel/libfreertos_kernel.a(tasks.c.o)
                                                  libs/FreeRTOS-Kernel/portable/libfreertos_kernel_port.a(portASM.S.o)
vTimerSetReloadMode                               libs/FreeRTOS-Kernel/libfreertos_kernel.a(timers.c.o)
vTimerSetTimerID                                  libs/FreeRTOS-Kernel/libfreertos_kernel.a(timers.c.o)
vToggleLED                                        CMakeFiles/nox_freertos.elf.dir/app/setup.c.o
val                                               CMakeFiles/nox_freertos.elf.dir/app/setup.c.o
xCriticalNesting                                  libs/FreeRTOS-Kernel/portable/libfreertos_kernel_port.a(port.c.o)
                                                  libs/FreeRTOS-Kernel/portable/libfreertos_kernel_port.a(portASM.S.o)
                                                  libs/FreeRTOS-Kernel/libfreertos_kernel.a(queue.c.o)
                                                  libs/FreeRTOS-Kernel/libfreertos_kernel.a(heap_4.c.o)
                                                  libs/FreeRTOS-Kernel/libfreertos_kernel.a(timers.c.o)
                                                  libs/FreeRTOS-Kernel/libfreertos_kernel.a(tasks.c.o)
xISRStackTop                                      libs/FreeRTOS-Kernel/portable/libfreertos_kernel_port.a(port.c.o)
                                                  libs/FreeRTOS-Kernel/portable/libfreertos_kernel_port.a(portASM.S.o)
xPortGetFreeHeapSize                              libs/FreeRTOS-Kernel/libfreertos_kernel.a(heap_4.c.o)
xPortGetMinimumEverFreeHeapSize                   libs/FreeRTOS-Kernel/libfreertos_kernel.a(heap_4.c.o)
xPortStartFirstTask                               libs/FreeRTOS-Kernel/portable/libfreertos_kernel_port.a(portASM.S.o)
                                                  libs/FreeRTOS-Kernel/portable/libfreertos_kernel_port.a(port.c.o)
xPortStartScheduler                               libs/FreeRTOS-Kernel/portable/libfreertos_kernel_port.a(port.c.o)
                                                  libs/FreeRTOS-Kernel/libfreertos_kernel.a(tasks.c.o)
xQueueCreateCountingSemaphore                     libs/FreeRTOS-Kernel/libfreertos_kernel.a(queue.c.o)
xQueueCreateMutex                                 libs/FreeRTOS-Kernel/libfreertos_kernel.a(queue.c.o)
xQueueGenericCreate                               libs/FreeRTOS-Kernel/libfreertos_kernel.a(queue.c.o)
                                                  libs/FreeRTOS-Kernel/libfreertos_kernel.a(timers.c.o)
xQueueGenericReset                                libs/FreeRTOS-Kernel/libfreertos_kernel.a(queue.c.o)
xQueueGenericSend                                 libs/FreeRTOS-Kernel/libfreertos_kernel.a(queue.c.o)
                                                  libs/FreeRTOS-Kernel/libfreertos_kernel.a(timers.c.o)
xQueueGenericSendFromISR                          libs/FreeRTOS-Kernel/libfreertos_kernel.a(queue.c.o)
                                                  libs/FreeRTOS-Kernel/libfreertos_kernel.a(timers.c.o)
xQueueGetMutexHolder                              libs/FreeRTOS-Kernel/libfreertos_kernel.a(queue.c.o)
xQueueGetMutexHolderFromISR                       libs/FreeRTOS-Kernel/libfreertos_kernel.a(queue.c.o)
xQueueGiveFromISR                                 libs/FreeRTOS-Kernel/libfreertos_kernel.a(queue.c.o)
xQueueGiveMutexRecursive                          libs/FreeRTOS-Kernel/libfreertos_kernel.a(queue.c.o)
xQueueIsQueueEmptyFromISR                         libs/FreeRTOS-Kernel/libfreertos_kernel.a(queue.c.o)
xQueueIsQueueFullFromISR                          libs/FreeRTOS-Kernel/libfreertos_kernel.a(queue.c.o)
xQueuePeek                                        libs/FreeRTOS-Kernel/libfreertos_kernel.a(queue.c.o)
xQueuePeekFromISR                                 libs/FreeRTOS-Kernel/libfreertos_kernel.a(queue.c.o)
xQueueReceive                                     libs/FreeRTOS-Kernel/libfreertos_kernel.a(queue.c.o)
                                                  libs/FreeRTOS-Kernel/libfreertos_kernel.a(timers.c.o)
xQueueReceiveFromISR                              libs/FreeRTOS-Kernel/libfreertos_kernel.a(queue.c.o)
xQueueRegistry                                    libs/FreeRTOS-Kernel/libfreertos_kernel.a(queue.c.o)
xQueueSemaphoreTake                               libs/FreeRTOS-Kernel/libfreertos_kernel.a(queue.c.o)
xQueueTakeMutexRecursive                          libs/FreeRTOS-Kernel/libfreertos_kernel.a(queue.c.o)
xTaskAbortDelay                                   libs/FreeRTOS-Kernel/libfreertos_kernel.a(tasks.c.o)
xTaskCatchUpTicks                                 libs/FreeRTOS-Kernel/libfreertos_kernel.a(tasks.c.o)
xTaskCheckForTimeOut                              libs/FreeRTOS-Kernel/libfreertos_kernel.a(tasks.c.o)
                                                  libs/FreeRTOS-Kernel/libfreertos_kernel.a(queue.c.o)
xTaskCreate                                       libs/FreeRTOS-Kernel/libfreertos_kernel.a(tasks.c.o)
                                                  libs/FreeRTOS-Kernel/libfreertos_kernel.a(timers.c.o)
                                                  CMakeFiles/nox_freertos.elf.dir/app/main.c.o
xTaskDelayUntil                                   libs/FreeRTOS-Kernel/libfreertos_kernel.a(tasks.c.o)
xTaskGenericNotify                                libs/FreeRTOS-Kernel/libfreertos_kernel.a(tasks.c.o)
xTaskGenericNotifyFromISR                         libs/FreeRTOS-Kernel/libfreertos_kernel.a(tasks.c.o)
xTaskGenericNotifyStateClear                      libs/FreeRTOS-Kernel/libfreertos_kernel.a(tasks.c.o)
xTaskGenericNotifyWait                            libs/FreeRTOS-Kernel/libfreertos_kernel.a(tasks.c.o)
xTaskGetCurrentTaskHandle                         libs/FreeRTOS-Kernel/libfreertos_kernel.a(tasks.c.o)
                                                  libs/FreeRTOS-Kernel/libfreertos_kernel.a(queue.c.o)
xTaskGetHandle                                    libs/FreeRTOS-Kernel/libfreertos_kernel.a(tasks.c.o)
xTaskGetSchedulerState                            libs/FreeRTOS-Kernel/libfreertos_kernel.a(tasks.c.o)
                                                  libs/FreeRTOS-Kernel/libfreertos_kernel.a(queue.c.o)
                                                  libs/FreeRTOS-Kernel/libfreertos_kernel.a(timers.c.o)
xTaskGetTickCount                                 libs/FreeRTOS-Kernel/libfreertos_kernel.a(tasks.c.o)
                                                  libs/FreeRTOS-Kernel/libfreertos_kernel.a(timers.c.o)
xTaskGetTickCountFromISR                          libs/FreeRTOS-Kernel/libfreertos_kernel.a(tasks.c.o)
xTaskIncrementTick                                libs/FreeRTOS-Kernel/libfreertos_kernel.a(tasks.c.o)
                                                  libs/FreeRTOS-Kernel/portable/libfreertos_kernel_port.a(portASM.S.o)
xTaskPriorityDisinherit                           libs/FreeRTOS-Kernel/libfreertos_kernel.a(tasks.c.o)
                                                  libs/FreeRTOS-Kernel/libfreertos_kernel.a(queue.c.o)
xTaskPriorityInherit                              libs/FreeRTOS-Kernel/libfreertos_kernel.a(tasks.c.o)
                                                  libs/FreeRTOS-Kernel/libfreertos_kernel.a(queue.c.o)
xTaskRemoveFromEventList                          libs/FreeRTOS-Kernel/libfreertos_kernel.a(tasks.c.o)
                                                  libs/FreeRTOS-Kernel/libfreertos_kernel.a(queue.c.o)
xTaskResumeAll                                    libs/FreeRTOS-Kernel/libfreertos_kernel.a(tasks.c.o)
                                                  libs/FreeRTOS-Kernel/libfreertos_kernel.a(queue.c.o)
                                                  libs/FreeRTOS-Kernel/libfreertos_kernel.a(heap_4.c.o)
                                                  libs/FreeRTOS-Kernel/libfreertos_kernel.a(timers.c.o)
xTaskResumeFromISR                                libs/FreeRTOS-Kernel/libfreertos_kernel.a(tasks.c.o)
xTaskReturnAddress                                libs/FreeRTOS-Kernel/portable/libfreertos_kernel_port.a(port.c.o)
                                                  libs/FreeRTOS-Kernel/portable/libfreertos_kernel_port.a(portASM.S.o)
xTimerCreate                                      libs/FreeRTOS-Kernel/libfreertos_kernel.a(timers.c.o)
xTimerCreateTimerTask                             libs/FreeRTOS-Kernel/libfreertos_kernel.a(timers.c.o)
                                                  libs/FreeRTOS-Kernel/libfreertos_kernel.a(tasks.c.o)
xTimerGenericCommand                              libs/FreeRTOS-Kernel/libfreertos_kernel.a(timers.c.o)
xTimerGetExpiryTime                               libs/FreeRTOS-Kernel/libfreertos_kernel.a(timers.c.o)
xTimerGetPeriod                                   libs/FreeRTOS-Kernel/libfreertos_kernel.a(timers.c.o)
xTimerGetReloadMode                               libs/FreeRTOS-Kernel/libfreertos_kernel.a(timers.c.o)
xTimerGetTimerDaemonTaskHandle                    libs/FreeRTOS-Kernel/libfreertos_kernel.a(timers.c.o)
xTimerIsTimerActive                               libs/FreeRTOS-Kernel/libfreertos_kernel.a(timers.c.o)
xTimerPendFunctionCall                            libs/FreeRTOS-Kernel/libfreertos_kernel.a(timers.c.o)
xTimerPendFunctionCallFromISR                     libs/FreeRTOS-Kernel/libfreertos_kernel.a(timers.c.o)
